*****************************************************************
      SolidWorks Corporation - IGES Processor Status Report
*****************************************************************
=================================================================
General Information
=================================================================
Sending System Product I.D.  : Noname
Receiving System Product I.D.: Noname
File Name                    : export0.igs
Sending System               : Spatial Corp.
Preprocessor Version         : 3D InterOp ACIS/IGES
File Creation Date           : 20150324.185141
Model Creation Date          : 20150324.185141
Units                        : CM
Model Space Scale            : 1
Author                       : Noname
Organization                 : Noname


=================================================================
Entity Processing Information
=================================================================


=================================================================
Precision analysis of IGES file:
=================================================================
  Most prevalent number of significant digits:               2
  Highest number of significant digits:                     14
  Average number of significant digits:                5.80798
  Maximum distance to origin:                          1.93216
  Minimum distance to origin:                        0.0157918
  Effective number of significant digits:              13.9929


=================================================================
Entity Summary
=================================================================
-----------------------------------------------------------------
Type Name                                         Count Converted
---- ----                                         ----- ---------
100  Arc                                            168       168
102  Composite curve                                116       116
110  Line                                           634       634
120  Surface of revolution                           42        42
122  Tabulated cylinder                              74        74
124  Transformation matrix                          168       168
142  Curve on a parametric surface                  116       116
144  Trimmed parametric surface                     116       116
_________________________________________________________________


=================================================================
Result Summary
=================================================================
SolidWorks Feature Type                Count
-----------------------                -----
Solid feature(s)                       1
Surface feature(s)                     0
Curve/Sketch feature(s)                0
--------------------------------------------
Start time: Tuesday, March 24, 2015 20:17:02
Finish time: Tuesday, March 24, 2015 20:17:04
Processing time: 0 days, 00 hours, 00 mins, 02 secs
